// Jest Snapshot v1, https://goo.gl/fbAQLP

exports[`test cardsList test cardsList match snapshot 1`] = `
Object {
  "asFragment": [Function],
  "baseElement": <body>
    <div>
      <div
        class="undefined cards-area__container"
      >
        <div
          class="card cards-area__item"
          data-card-id="1"
          data-testid="cardslist-item"
        >
          <span
            class="card__name"
          >
            Rick Sanchez
          </span>
          <div
            class="card__img-contain"
          >
            <img
              alt="card image"
              class="card__img"
              src="https://rickandmortyapi.com/api/character/avatar/1.jpeg"
            />
          </div>
        </div>
        <div
          class="card cards-area__item"
          data-card-id="2"
          data-testid="cardslist-item"
        >
          <span
            class="card__name"
          >
            Morty Smith
          </span>
          <div
            class="card__img-contain"
          >
            <img
              alt="card image"
              class="card__img"
              src="https://rickandmortyapi.com/api/character/avatar/2.jpeg"
            />
          </div>
        </div>
        <div
          class="card cards-area__item"
          data-card-id="3"
          data-testid="cardslist-item"
        >
          <span
            class="card__name"
          >
            Summer Smith
          </span>
          <div
            class="card__img-contain"
          >
            <img
              alt="card image"
              class="card__img"
              src="https://rickandmortyapi.com/api/character/avatar/3.jpeg"
            />
          </div>
        </div>
        <div
          class="myModal"
        >
          <div
            class="myModalContent"
          >
            <strong>
              sorry, data not found
            </strong>
            <button>
              Close
            </button>
          </div>
        </div>
      </div>
    </div>
  </body>,
  "container": <div>
    <div
      class="undefined cards-area__container"
    >
      <div
        class="card cards-area__item"
        data-card-id="1"
        data-testid="cardslist-item"
      >
        <span
          class="card__name"
        >
          Rick Sanchez
        </span>
        <div
          class="card__img-contain"
        >
          <img
            alt="card image"
            class="card__img"
            src="https://rickandmortyapi.com/api/character/avatar/1.jpeg"
          />
        </div>
      </div>
      <div
        class="card cards-area__item"
        data-card-id="2"
        data-testid="cardslist-item"
      >
        <span
          class="card__name"
        >
          Morty Smith
        </span>
        <div
          class="card__img-contain"
        >
          <img
            alt="card image"
            class="card__img"
            src="https://rickandmortyapi.com/api/character/avatar/2.jpeg"
          />
        </div>
      </div>
      <div
        class="card cards-area__item"
        data-card-id="3"
        data-testid="cardslist-item"
      >
        <span
          class="card__name"
        >
          Summer Smith
        </span>
        <div
          class="card__img-contain"
        >
          <img
            alt="card image"
            class="card__img"
            src="https://rickandmortyapi.com/api/character/avatar/3.jpeg"
          />
        </div>
      </div>
      <div
        class="myModal"
      >
        <div
          class="myModalContent"
        >
          <strong>
            sorry, data not found
          </strong>
          <button>
            Close
          </button>
        </div>
      </div>
    </div>
  </div>,
  "debug": [Function],
  "findAllByAltText": [Function],
  "findAllByDisplayValue": [Function],
  "findAllByLabelText": [Function],
  "findAllByPlaceholderText": [Function],
  "findAllByRole": [Function],
  "findAllByTestId": [Function],
  "findAllByText": [Function],
  "findAllByTitle": [Function],
  "findByAltText": [Function],
  "findByDisplayValue": [Function],
  "findByLabelText": [Function],
  "findByPlaceholderText": [Function],
  "findByRole": [Function],
  "findByTestId": [Function],
  "findByText": [Function],
  "findByTitle": [Function],
  "getAllByAltText": [Function],
  "getAllByDisplayValue": [Function],
  "getAllByLabelText": [Function],
  "getAllByPlaceholderText": [Function],
  "getAllByRole": [Function],
  "getAllByTestId": [Function],
  "getAllByText": [Function],
  "getAllByTitle": [Function],
  "getByAltText": [Function],
  "getByDisplayValue": [Function],
  "getByLabelText": [Function],
  "getByPlaceholderText": [Function],
  "getByRole": [Function],
  "getByTestId": [Function],
  "getByText": [Function],
  "getByTitle": [Function],
  "queryAllByAltText": [Function],
  "queryAllByDisplayValue": [Function],
  "queryAllByLabelText": [Function],
  "queryAllByPlaceholderText": [Function],
  "queryAllByRole": [Function],
  "queryAllByTestId": [Function],
  "queryAllByText": [Function],
  "queryAllByTitle": [Function],
  "queryByAltText": [Function],
  "queryByDisplayValue": [Function],
  "queryByLabelText": [Function],
  "queryByPlaceholderText": [Function],
  "queryByRole": [Function],
  "queryByTestId": [Function],
  "queryByText": [Function],
  "queryByTitle": [Function],
  "rerender": [Function],
  "unmount": [Function],
}
`;
